Script started on Tue 03 Nov 2015 11:47:32 PM PST
randyhe@Y510P:~/Documents/FALL2015/CS100/rshell$ make
rm -rfv bin
removed ‘bin/rshell’
removed directory: ‘bin’
mkdir -p bin
g++ -Wall -Werror -ansi -pedantic -I boost_1_59_0 src/main.cpp src/Connector.cpp src/Or.cpp src/And.cpp src/Semicolon.cpp src/Run.cpp src/Parse.cpp -o bin/rshell
randyhe@Y510P:~/Documents/FALL2015/CS100/rshell$ bin/rshell
randyhe@Y510P$ exit
randyhe@Y510P:~/Documents/FALL2015/CS100/rshell$ bin/rshell
randyhe@Y510P$ exit && echo hi
randyhe@Y510P:~/Documents/FALL2015/CS100/rshell$ bin/rshell
randyhe@Y510P$ exit blah blah blah
randyhe@Y510P:~/Documents/FALL2015/CS100/rshell$ bin/rshell
randyhe@Y510P$ exit && echo no
randyhe@Y510P:~/Documents/FALL2015/CS100/rshell$ bin/rshell
randyhe@Y510P$ true &&sexit
randyhe@Y510P:~/Documents/FALL2015/CS100/rshell$ bin/rshell
randyhe@Y510P$ true || exit
randyhe@Y510P$ true ||		   exit && echo "hi"
hi
randyhe@Y510P$ echo hey #exit
hey
randyhe@Y510P$ exit
randyhe@Y510P:~/Documents/FALL2015/CS100/rshell$ bin/rshell
randyhe@Y510P$ echo hey && echo hi || exit
hey
hi
randyhe@Y510P$ echo exit || exit
exit
randyhe@Y510P$ xitt
execvp failed: No such file or directory
randyhe@Y510P$ eeeexit
execvp failed: No such file or directory
randyhe@Y510P$ exit
randyhe@Y510P:~/Documents/FALL2015/CS100/rshell$ exit
exit

Script done on Tue 03 Nov 2015 11:49:51 PM PST
